../Core/Src/main.c:109:6:HAL_ADC_ConvCpltCallback	16	static
../Core/Src/main.c:133:5:main	160	static
../Core/Src/main.c:634:6:SystemClock_Config	80	static
../Core/Src/main.c:674:13:MX_ADC_Init	24	static
../Core/Src/main.c:759:13:MX_TIM1_Init	80	static
../Core/Src/main.c:823:13:MX_TIM3_Init	48	static
../Core/Src/main.c:879:13:MX_TIM14_Init	8	static
../Core/Src/main.c:909:13:MX_TIM16_Init	8	static
../Core/Src/main.c:940:13:MX_TIM17_Init	8	static
../Core/Src/main.c:971:13:MX_GPIO_Init	48	static
../Core/Src/main.c:1020:6:Error_Handler	8	static,ignoring_inline_asm
